./gradlew : 
At line:1 char:1
+ ./gradlew classes > 
build_output.txt 2>&1
+ ~~~~~~~~~~~~~~~~~~~~~~~~~~~
~~~~~~~~~~~~~~
    + CategoryInfo           
   : NotSpecified: (:String  
  ) [], RemoteException
    + FullyQualifiedErrorId  
   : NativeCommandError
 
FAILURE: Build failed with 
an exception.

* What went wrong:
A problem occurred 
configuring root project 
'ABDM-wrapper'.
> Could not resolve all 
files for configuration 
':classpath'.
   > Could not resolve org.sp
ringframework.boot:spring-boo
t-gradle-plugin:3.2.0.
     Required by:
         project : > org.spri
ngframework.boot:org.springfr
amework.boot.gradle.plugin:3.
2.0
      > No matching variant 
of org.springframework.boot:s
pring-boot-gradle-plugin:3.2.
0 was found. The consumer 
was configured to find a 
library for use during 
runtime, compatible with 
Java 8, packaged as a jar, 
and its dependencies 
declared externally, as well 
as attribute 'org.gradle.plug
in.api-version' with value 
'8.5' but:
          - Variant 
'apiElements' capability org.
springframework.boot:spring-b
oot-gradle-plugin:3.2.0 
declares a library, packaged 
as a jar, and its 
dependencies declared 
externally:
              - Incompatible 
because this component 
declares a component for use 
during compile-time, 
compatible with Java 17 and 
the consumer needed a 
component for use during 
runtime, compatible with 
Java 8
              - Other 
compatible attribute:
                  - Doesn't 
say anything about org.gradle
.plugin.api-version 
(required '8.5')
          - Variant 
'javadocElements' capability 
org.springframework.boot:spri
ng-boot-gradle-plugin:3.2.0 
declares a component for use 
during runtime, and its 
dependencies declared 
externally:
              - Incompatible 
because this component 
declares documentation and 
the consumer needed a library
              - Other 
compatible attributes:
                  - Doesn't 
say anything about its 
target Java version 
(required compatibility with 
Java 8)
                  - Doesn't 
say anything about its 
elements (required them 
packaged as a jar)
                  - Doesn't 
say anything about org.gradle
.plugin.api-version 
(required '8.5')
          - Variant 
'mavenOptionalApiElements' 
capability org.springframewor
k.boot:spring-boot-gradle-plu
gin-maven-optional:3.2.0 
declares a library, packaged 
as a jar, and its 
dependencies declared 
externally:
              - Incompatible 
because this component 
declares a component for use 
during compile-time, 
compatible with Java 17 and 
the consumer needed a 
component for use during 
runtime, compatible with 
Java 8
              - Other 
compatible attribute:
                  - Doesn't 
say anything about org.gradle
.plugin.api-version 
(required '8.5')
          - Variant 'mavenOpt
ionalRuntimeElements' 
capability org.springframewor
k.boot:spring-boot-gradle-plu
gin-maven-optional:3.2.0 
declares a library for use 
during runtime, packaged as 
a jar, and its dependencies 
declared externally:
              - Incompatible 
because this component 
declares a component, 
compatible with Java 17 and 
the consumer needed a 
component, compatible with 
Java 8
              - Other 
compatible attribute:
                  - Doesn't 
say anything about org.gradle
.plugin.api-version 
(required '8.5')
          - Variant 
'runtimeElements' capability 
org.springframework.boot:spri
ng-boot-gradle-plugin:3.2.0 
declares a library for use 
during runtime, packaged as 
a jar, and its dependencies 
declared externally:
              - Incompatible 
because this component 
declares a component, 
compatible with Java 17 and 
the consumer needed a 
component, compatible with 
Java 8
              - Other 
compatible attribute:
                  - Doesn't 
say anything about org.gradle
.plugin.api-version 
(required '8.5')
          - Variant 
'sourcesElements' capability 
org.springframework.boot:spri
ng-boot-gradle-plugin:3.2.0 
declares a component for use 
during runtime, and its 
dependencies declared 
externally:
              - Incompatible 
because this component 
declares documentation and 
the consumer needed a library
              - Other 
compatible attributes:
                  - Doesn't 
say anything about its 
target Java version 
(required compatibility with 
Java 8)
                  - Doesn't 
say anything about its 
elements (required them 
packaged as a jar)
                  - Doesn't 
say anything about org.gradle
.plugin.api-version 
(required '8.5')
   > Could not resolve com.di
ffplug.spotless:spotless-plug
in-gradle:6.25.0.
     Required by:
         project : > com.diff
plug.spotless:com.diffplug.sp
otless.gradle.plugin:6.25.0
      > No matching variant 
of com.diffplug.spotless:spot
less-plugin-gradle:6.25.0 
was found. The consumer was 
configured to find a library 
for use during runtime, 
compatible with Java 8, 
packaged as a jar, and its 
dependencies declared 
externally, as well as 
attribute 'org.gradle.plugin.
api-version' with value 
'8.5' but:
          - Variant 
'apiElements' capability com.
diffplug.spotless:spotless-pl
ugin-gradle:6.25.0 declares 
a library, packaged as a 
jar, and its dependencies 
declared externally:
              - Incompatible 
because this component 
declares a component for use 
during compile-time, 
compatible with Java 11 and 
the consumer needed a 
component for use during 
runtime, compatible with 
Java 8
              - Other 
compatible attribute:
                  - Doesn't 
say anything about org.gradle
.plugin.api-version 
(required '8.5')
          - Variant 
'javadocElements' capability 
com.diffplug.spotless:spotles
s-plugin-gradle:6.25.0 
declares a component for use 
during runtime, and its 
dependencies declared 
externally:
              - Incompatible 
because this component 
declares documentation and 
the consumer needed a library
              - Other 
compatible attributes:
                  - Doesn't 
say anything about its 
target Java version 
(required compatibility with 
Java 8)
                  - Doesn't 
say anything about its 
elements (required them 
packaged as a jar)
                  - Doesn't 
say anything about org.gradle
.plugin.api-version 
(required '8.5')
          - Variant 
'runtimeElements' capability 
com.diffplug.spotless:spotles
s-plugin-gradle:6.25.0 
declares a library for use 
during runtime, packaged as 
a jar, and its dependencies 
declared externally:
              - Incompatible 
because this component 
declares a component, 
compatible with Java 11 and 
the consumer needed a 
component, compatible with 
Java 8
              - Other 
compatible attribute:
                  - Doesn't 
say anything about org.gradle
.plugin.api-version 
(required '8.5')
          - Variant 
'sourcesElements' capability 
com.diffplug.spotless:spotles
s-plugin-gradle:6.25.0 
declares a component for use 
during runtime, and its 
dependencies declared 
externally:
              - Incompatible 
because this component 
declares documentation and 
the consumer needed a library
              - Other 
compatible attributes:
                  - Doesn't 
say anything about its 
target Java version 
(required compatibility with 
Java 8)
                  - Doesn't 
say anything about its 
elements (required them 
packaged as a jar)
                  - Doesn't 
say anything about org.gradle
.plugin.api-version 
(required '8.5')

* Try:
> Run with --stacktrace 
option to get the stack 
trace.
> Run with --info or --debug 
option to get more log 
output.
> Run with --scan to get 
full insights.
> Get more help at 
https://help.gradle.org.

BUILD FAILED in 1s
